("402","")
("","")
("","775")
("","-462")
("","1")
("","219105")
("","543 543")
("","110 859")
("","")
("","451 224 451")
("","290 629 66")
(illegal,illegal)
("","")
(illegal,illegal)
(illegal,illegal)
(illegal,illegal)
(illegal,illegal)
(illegal,illegal)
(illegal,illegal)
(illegal,illegal)
(illegal,illegal)
(illegal,illegal)
("","716")
("","997 -761 1491 715 661 200 661 842 272 80")
("970","438")
